2026-10-05T08:05:56.281Z  INFO 1 --- [main] com.structurizr.server.Local             : ***********************************************************************************
2026-10-05T08:05:56.293Z  INFO 1 --- [main] com.structurizr.server.Local             :   _____ _                   _              _          
2026-10-05T08:05:56.293Z  INFO 1 --- [main] com.structurizr.server.Local             :  / ____| |                 | |            (_)         
2026-10-05T08:05:56.293Z  INFO 1 --- [main] com.structurizr.server.Local             : | (___ | |_ _ __ _   _  ___| |_ _   _ _ __ _ _____ __ 
2026-10-05T08:05:56.295Z  INFO 1 --- [main] com.structurizr.server.Local             :  \___ \| __| '__| | | |/ __| __| | | | '__| |_  / '__|
2026-10-05T08:05:56.296Z  INFO 1 --- [main] com.structurizr.server.Local             :  ____) | |_| |  | |_| | (__| |_| |_| | |  | |/ /| |   
2026-10-05T08:05:56.296Z  INFO 1 --- [main] com.structurizr.server.Local             : |_____/ \__|_|   \__,_|\___|\__|\__,_|_|  |_/___|_|   
2026-10-05T08:05:56.296Z  INFO 1 --- [main] com.structurizr.server.Local             :                                                       
2026-10-05T08:05:56.297Z  INFO 1 --- [main] com.structurizr.server.Local             : Local v2026.09.19
2026-10-05T08:05:56.298Z  INFO 1 --- [main] com.structurizr.server.Local             : ***********************************************************************************
2026-10-05T08:05:56.298Z  INFO 1 --- [main] com.structurizr.server.Local             :  - structurizr.authentication: none
2026-10-05T08:05:56.299Z  INFO 1 --- [main] com.structurizr.server.Local             :  - structurizr.autorefreshinterval: 0
2026-10-05T08:05:56.299Z  INFO 1 --- [main] com.structurizr.server.Local             :  - structurizr.autosaveinterval: 5000
2026-10-05T08:05:56.299Z  INFO 1 --- [main] com.structurizr.server.Local             :  - structurizr.cache: none
2026-10-05T08:05:56.299Z  INFO 1 --- [main] com.structurizr.server.Local             :  - structurizr.data: file
2026-10-05T08:05:56.300Z  INFO 1 --- [main] com.structurizr.server.Local             :  - structurizr.datadirectory: /usr/local/structurizr
2026-10-05T08:05:56.300Z  INFO 1 --- [main] com.structurizr.server.Local             :  - structurizr.debug: false
2026-10-05T08:05:56.300Z  INFO 1 --- [main] com.structurizr.server.Local             :  - structurizr.editable: true
2026-10-05T08:05:56.301Z  INFO 1 --- [main] com.structurizr.server.Local             :  - structurizr.logging.filename: /usr/local/structurizr/.structurizr/logs/structurizr.log
2026-10-05T08:05:56.301Z  INFO 1 --- [main] com.structurizr.server.Local             :  - structurizr.network.timeout: 60000
2026-10-05T08:05:56.301Z  INFO 1 --- [main] com.structurizr.server.Local             :  - structurizr.network.urls.allowed: .*
2026-10-05T08:05:56.301Z  INFO 1 --- [main] com.structurizr.server.Local             :  - structurizr.search: lucene
2026-10-05T08:05:56.302Z  INFO 1 --- [main] com.structurizr.server.Local             :  - structurizr.themes: /usr/local/structurizr/themes/
2026-10-05T08:05:56.302Z  INFO 1 --- [main] com.structurizr.server.Local             :  - structurizr.workspace.maxsize: 1MB
2026-10-05T08:05:56.302Z  INFO 1 --- [main] com.structurizr.server.Local             :  - structurizr.workspace.threads: 10
2026-10-05T08:05:56.303Z  INFO 1 --- [main] com.structurizr.server.Local             :  - structurizr.workspaces: 1
2026-10-05T08:05:56.303Z  INFO 1 --- [main] com.structurizr.server.Local             : ***********************************************************************************
2026-10-05T08:05:56.303Z  INFO 1 --- [main] com.structurizr.server.Local             : Themes:
2026-10-05T08:05:56.303Z  INFO 1 --- [main] com.structurizr.server.Local             : ***********************************************************************************
2026-10-05T08:10:31.080Z  INFO 1 --- [SpringApplicationShutdownHook] com.structurizr.server.AbstractServer    : ********************************************************
2026-10-05T08:10:31.080Z  INFO 1 --- [SpringApplicationShutdownHook] com.structurizr.server.AbstractServer    :  Stopping Structurizr
2026-10-05T08:10:31.081Z  INFO 1 --- [SpringApplicationShutdownHook] com.structurizr.server.AbstractServer    : ********************************************************
2026-10-05T08:15:08.832Z  INFO 1 --- [main] com.structurizr.server.Local             : ***********************************************************************************
2026-10-05T08:15:08.835Z  INFO 1 --- [main] com.structurizr.server.Local             :   _____ _                   _              _          
2026-10-05T08:15:08.835Z  INFO 1 --- [main] com.structurizr.server.Local             :  / ____| |                 | |            (_)         
2026-10-05T08:15:08.835Z  INFO 1 --- [main] com.structurizr.server.Local             : | (___ | |_ _ __ _   _  ___| |_ _   _ _ __ _ _____ __ 
2026-10-05T08:15:08.835Z  INFO 1 --- [main] com.structurizr.server.Local             :  \___ \| __| '__| | | |/ __| __| | | | '__| |_  / '__|
2026-10-05T08:15:08.835Z  INFO 1 --- [main] com.structurizr.server.Local             :  ____) | |_| |  | |_| | (__| |_| |_| | |  | |/ /| |   
2026-10-05T08:15:08.836Z  INFO 1 --- [main] com.structurizr.server.Local             : |_____/ \__|_|   \__,_|\___|\__|\__,_|_|  |_/___|_|   
2026-10-05T08:15:08.836Z  INFO 1 --- [main] com.structurizr.server.Local             :                                                       
2026-10-05T08:15:08.837Z  INFO 1 --- [main] com.structurizr.server.Local             : Local v2026.09.19
2026-10-05T08:15:08.837Z  INFO 1 --- [main] com.structurizr.server.Local             : ***********************************************************************************
2026-10-05T08:15:08.837Z  INFO 1 --- [main] com.structurizr.server.Local             :  - structurizr.authentication: none
2026-10-05T08:15:08.838Z  INFO 1 --- [main] com.structurizr.server.Local             :  - structurizr.autorefreshinterval: 0
2026-10-05T08:15:08.838Z  INFO 1 --- [main] com.structurizr.server.Local             :  - structurizr.autosaveinterval: 5000
2026-10-05T08:15:08.838Z  INFO 1 --- [main] com.structurizr.server.Local             :  - structurizr.cache: none
2026-10-05T08:15:08.839Z  INFO 1 --- [main] com.structurizr.server.Local             :  - structurizr.data: file
2026-10-05T08:15:08.839Z  INFO 1 --- [main] com.structurizr.server.Local             :  - structurizr.datadirectory: /usr/local/structurizr
2026-10-05T08:15:08.839Z  INFO 1 --- [main] com.structurizr.server.Local             :  - structurizr.debug: false
2026-10-05T08:15:08.840Z  INFO 1 --- [main] com.structurizr.server.Local             :  - structurizr.editable: true
2026-10-05T08:15:08.840Z  INFO 1 --- [main] com.structurizr.server.Local             :  - structurizr.logging.filename: /usr/local/structurizr/.structurizr/logs/structurizr.log
2026-10-05T08:15:08.840Z  INFO 1 --- [main] com.structurizr.server.Local             :  - structurizr.network.timeout: 60000
2026-10-05T08:15:08.840Z  INFO 1 --- [main] com.structurizr.server.Local             :  - structurizr.network.urls.allowed: .*
2026-10-05T08:15:08.841Z  INFO 1 --- [main] com.structurizr.server.Local             :  - structurizr.search: lucene
2026-10-05T08:15:08.841Z  INFO 1 --- [main] com.structurizr.server.Local             :  - structurizr.themes: /usr/local/structurizr/themes/
2026-10-05T08:15:08.841Z  INFO 1 --- [main] com.structurizr.server.Local             :  - structurizr.workspace.maxsize: 1MB
2026-10-05T08:15:08.841Z  INFO 1 --- [main] com.structurizr.server.Local             :  - structurizr.workspace.threads: 10
2026-10-05T08:15:08.842Z  INFO 1 --- [main] com.structurizr.server.Local             :  - structurizr.workspaces: 1
2026-10-05T08:15:08.842Z  INFO 1 --- [main] com.structurizr.server.Local             : ***********************************************************************************
2026-10-05T08:15:08.842Z  INFO 1 --- [main] com.structurizr.server.Local             : Themes:
2026-10-05T08:15:08.842Z  INFO 1 --- [main] com.structurizr.server.Local             : ***********************************************************************************
2026-10-05T08:15:22.030Z  WARN 1 --- [http-nio-8080-exec-9] o.a.c.util.SessionIdGeneratorBase        : Creation of SecureRandom instance for session ID generation using [SHA1PRNG] took [104] milliseconds.
2026-10-05T08:15:22.030Z  WARN 1 --- [http-nio-8080-exec-6] o.a.c.util.SessionIdGeneratorBase        : Creation of SecureRandom instance for session ID generation using [SHA1PRNG] took [103] milliseconds.
2026-10-05T08:15:22.030Z  WARN 1 --- [http-nio-8080-exec-7] o.a.c.util.SessionIdGeneratorBase        : Creation of SecureRandom instance for session ID generation using [SHA1PRNG] took [103] milliseconds.
2026-10-05T08:15:22.031Z  WARN 1 --- [http-nio-8080-exec-8] o.a.c.util.SessionIdGeneratorBase        : Creation of SecureRandom instance for session ID generation using [SHA1PRNG] took [104] milliseconds.
2026-10-05T08:15:22.031Z  WARN 1 --- [http-nio-8080-exec-13] o.a.c.util.SessionIdGeneratorBase        : Creation of SecureRandom instance for session ID generation using [SHA1PRNG] took [105] milliseconds.
2026-10-05T08:15:22.030Z  WARN 1 --- [http-nio-8080-exec-10] o.a.c.util.SessionIdGeneratorBase        : Creation of SecureRandom instance for session ID generation using [SHA1PRNG] took [103] milliseconds.
2026-10-05T08:15:22.030Z  WARN 1 --- [http-nio-8080-exec-11] o.a.c.util.SessionIdGeneratorBase        : Creation of SecureRandom instance for session ID generation using [SHA1PRNG] took [105] milliseconds.
2026-10-05T08:15:22.030Z  WARN 1 --- [http-nio-8080-exec-14] o.a.c.util.SessionIdGeneratorBase        : Creation of SecureRandom instance for session ID generation using [SHA1PRNG] took [104] milliseconds.
2026-10-05T08:15:22.030Z  WARN 1 --- [http-nio-8080-exec-2] o.a.c.util.SessionIdGeneratorBase        : Creation of SecureRandom instance for session ID generation using [SHA1PRNG] took [103] milliseconds.
2026-10-05T08:15:22.030Z  WARN 1 --- [http-nio-8080-exec-5] o.a.c.util.SessionIdGeneratorBase        : Creation of SecureRandom instance for session ID generation using [SHA1PRNG] took [103] milliseconds.
2026-10-05T08:15:22.030Z  WARN 1 --- [http-nio-8080-exec-12] o.a.c.util.SessionIdGeneratorBase        : Creation of SecureRandom instance for session ID generation using [SHA1PRNG] took [103] milliseconds.
2026-10-05T08:15:22.031Z  WARN 1 --- [http-nio-8080-exec-4] o.a.c.util.SessionIdGeneratorBase        : Creation of SecureRandom instance for session ID generation using [SHA1PRNG] took [103] milliseconds.
2026-10-05T08:15:22.031Z  WARN 1 --- [http-nio-8080-exec-1] o.a.c.util.SessionIdGeneratorBase        : Creation of SecureRandom instance for session ID generation using [SHA1PRNG] took [104] milliseconds.
2026-10-05T08:15:22.031Z  WARN 1 --- [http-nio-8080-exec-3] o.a.c.util.SessionIdGeneratorBase        : Creation of SecureRandom instance for session ID generation using [SHA1PRNG] took [103] milliseconds.
2026-10-05T08:17:05.997Z  INFO 1 --- [SpringApplicationShutdownHook] com.structurizr.server.AbstractServer    : ********************************************************
2026-10-05T08:17:05.998Z  INFO 1 --- [SpringApplicationShutdownHook] com.structurizr.server.AbstractServer    :  Stopping Structurizr
2026-10-05T08:17:05.998Z  INFO 1 --- [SpringApplicationShutdownHook] com.structurizr.server.AbstractServer    : ********************************************************
2026-10-05T08:19:39.592Z  INFO 1 --- [main] com.structurizr.server.Local             : ***********************************************************************************
2026-10-05T08:19:39.594Z  INFO 1 --- [main] com.structurizr.server.Local             :   _____ _                   _              _          
2026-10-05T08:19:39.594Z  INFO 1 --- [main] com.structurizr.server.Local             :  / ____| |                 | |            (_)         
2026-10-05T08:19:39.594Z  INFO 1 --- [main] com.structurizr.server.Local             : | (___ | |_ _ __ _   _  ___| |_ _   _ _ __ _ _____ __ 
2026-10-05T08:19:39.594Z  INFO 1 --- [main] com.structurizr.server.Local             :  \___ \| __| '__| | | |/ __| __| | | | '__| |_  / '__|
2026-10-05T08:19:39.594Z  INFO 1 --- [main] com.structurizr.server.Local             :  ____) | |_| |  | |_| | (__| |_| |_| | |  | |/ /| |   
2026-10-05T08:19:39.595Z  INFO 1 --- [main] com.structurizr.server.Local             : |_____/ \__|_|   \__,_|\___|\__|\__,_|_|  |_/___|_|   
2026-10-05T08:19:39.595Z  INFO 1 --- [main] com.structurizr.server.Local             :                                                       
2026-10-05T08:19:39.596Z  INFO 1 --- [main] com.structurizr.server.Local             : Local v2026.09.19
2026-10-05T08:19:39.596Z  INFO 1 --- [main] com.structurizr.server.Local             : ***********************************************************************************
2026-10-05T08:19:39.596Z  INFO 1 --- [main] com.structurizr.server.Local             :  - structurizr.authentication: none
2026-10-05T08:19:39.596Z  INFO 1 --- [main] com.structurizr.server.Local             :  - structurizr.autorefreshinterval: 0
2026-10-05T08:19:39.597Z  INFO 1 --- [main] com.structurizr.server.Local             :  - structurizr.autosaveinterval: 5000
2026-10-05T08:19:39.597Z  INFO 1 --- [main] com.structurizr.server.Local             :  - structurizr.cache: none
2026-10-05T08:19:39.597Z  INFO 1 --- [main] com.structurizr.server.Local             :  - structurizr.data: file
2026-10-05T08:19:39.597Z  INFO 1 --- [main] com.structurizr.server.Local             :  - structurizr.datadirectory: /usr/local/structurizr
2026-10-05T08:19:39.597Z  INFO 1 --- [main] com.structurizr.server.Local             :  - structurizr.debug: false
2026-10-05T08:19:39.598Z  INFO 1 --- [main] com.structurizr.server.Local             :  - structurizr.editable: true
2026-10-05T08:19:39.598Z  INFO 1 --- [main] com.structurizr.server.Local             :  - structurizr.logging.filename: /usr/local/structurizr/.structurizr/logs/structurizr.log
2026-10-05T08:19:39.598Z  INFO 1 --- [main] com.structurizr.server.Local             :  - structurizr.network.timeout: 60000
2026-10-05T08:19:39.598Z  INFO 1 --- [main] com.structurizr.server.Local             :  - structurizr.network.urls.allowed: .*
2026-10-05T08:19:39.599Z  INFO 1 --- [main] com.structurizr.server.Local             :  - structurizr.search: lucene
2026-10-05T08:19:39.599Z  INFO 1 --- [main] com.structurizr.server.Local             :  - structurizr.themes: /usr/local/structurizr/themes/
2026-10-05T08:19:39.599Z  INFO 1 --- [main] com.structurizr.server.Local             :  - structurizr.workspace.maxsize: 1MB
2026-10-05T08:19:39.599Z  INFO 1 --- [main] com.structurizr.server.Local             :  - structurizr.workspace.threads: 10
2026-10-05T08:19:39.599Z  INFO 1 --- [main] com.structurizr.server.Local             :  - structurizr.workspaces: 1
2026-10-05T08:19:39.600Z  INFO 1 --- [main] com.structurizr.server.Local             : ***********************************************************************************
2026-10-05T08:19:39.600Z  INFO 1 --- [main] com.structurizr.server.Local             : Themes:
2026-10-05T08:19:39.600Z  INFO 1 --- [main] com.structurizr.server.Local             : ***********************************************************************************
2026-10-05T08:20:06.251Z  WARN 1 --- [http-nio-8080-exec-1] .w.s.m.s.DefaultHandlerExceptionResolver : Resolved [org.springframework.web.method.annotation.MethodArgumentTypeMismatchException: Method parameter 'workspaceId': Failed to convert value of type 'java.lang.String' to required type 'long'; For input string: "diagrams"]
2026-10-05T08:20:39.442Z  WARN 1 --- [http-nio-8080-exec-8] .w.s.m.s.DefaultHandlerExceptionResolver : Resolved [org.springframework.web.method.annotation.MethodArgumentTypeMismatchException: Method parameter 'workspaceId': Failed to convert value of type 'java.lang.String' to required type 'long'; For input string: "json"]
2026-10-05T09:39:24.547Z  INFO 1 --- [main] com.structurizr.server.Local             : ***********************************************************************************
2026-10-05T09:39:24.549Z  INFO 1 --- [main] com.structurizr.server.Local             :   _____ _                   _              _          
2026-10-05T09:39:24.550Z  INFO 1 --- [main] com.structurizr.server.Local             :  / ____| |                 | |            (_)         
2026-10-05T09:39:24.550Z  INFO 1 --- [main] com.structurizr.server.Local             : | (___ | |_ _ __ _   _  ___| |_ _   _ _ __ _ _____ __ 
2026-10-05T09:39:24.551Z  INFO 1 --- [main] com.structurizr.server.Local             :  \___ \| __| '__| | | |/ __| __| | | | '__| |_  / '__|
2026-10-05T09:39:24.551Z  INFO 1 --- [main] com.structurizr.server.Local             :  ____) | |_| |  | |_| | (__| |_| |_| | |  | |/ /| |   
2026-10-05T09:39:24.551Z  INFO 1 --- [main] com.structurizr.server.Local             : |_____/ \__|_|   \__,_|\___|\__|\__,_|_|  |_/___|_|   
2026-10-05T09:39:24.551Z  INFO 1 --- [main] com.structurizr.server.Local             :                                                       
2026-10-05T09:39:24.552Z  INFO 1 --- [main] com.structurizr.server.Local             : Local v2026.09.19
2026-10-05T09:39:24.553Z  INFO 1 --- [main] com.structurizr.server.Local             : ***********************************************************************************
2026-10-05T09:39:24.553Z  INFO 1 --- [main] com.structurizr.server.Local             :  - structurizr.authentication: none
2026-10-05T09:39:24.554Z  INFO 1 --- [main] com.structurizr.server.Local             :  - structurizr.autorefreshinterval: 0
2026-10-05T09:39:24.554Z  INFO 1 --- [main] com.structurizr.server.Local             :  - structurizr.autosaveinterval: 5000
2026-10-05T09:39:24.554Z  INFO 1 --- [main] com.structurizr.server.Local             :  - structurizr.cache: none
2026-10-05T09:39:24.555Z  INFO 1 --- [main] com.structurizr.server.Local             :  - structurizr.data: file
2026-10-05T09:39:24.555Z  INFO 1 --- [main] com.structurizr.server.Local             :  - structurizr.datadirectory: /usr/local/structurizr
2026-10-05T09:39:24.555Z  INFO 1 --- [main] com.structurizr.server.Local             :  - structurizr.debug: false
2026-10-05T09:39:24.555Z  INFO 1 --- [main] com.structurizr.server.Local             :  - structurizr.editable: true
2026-10-05T09:39:24.556Z  INFO 1 --- [main] com.structurizr.server.Local             :  - structurizr.logging.filename: /usr/local/structurizr/.structurizr/logs/structurizr.log
2026-10-05T09:39:24.556Z  INFO 1 --- [main] com.structurizr.server.Local             :  - structurizr.network.timeout: 60000
2026-10-05T09:39:24.556Z  INFO 1 --- [main] com.structurizr.server.Local             :  - structurizr.network.urls.allowed: .*
2026-10-05T09:39:24.557Z  INFO 1 --- [main] com.structurizr.server.Local             :  - structurizr.search: lucene
2026-10-05T09:39:24.557Z  INFO 1 --- [main] com.structurizr.server.Local             :  - structurizr.themes: /usr/local/structurizr/themes/
2026-10-05T09:39:24.557Z  INFO 1 --- [main] com.structurizr.server.Local             :  - structurizr.workspace.maxsize: 1MB
2026-10-05T09:39:24.557Z  INFO 1 --- [main] com.structurizr.server.Local             :  - structurizr.workspace.threads: 10
2026-10-05T09:39:24.558Z  INFO 1 --- [main] com.structurizr.server.Local             :  - structurizr.workspaces: 1
2026-10-05T09:39:24.558Z  INFO 1 --- [main] com.structurizr.server.Local             : ***********************************************************************************
2026-10-05T09:39:24.558Z  INFO 1 --- [main] com.structurizr.server.Local             : Themes:
2026-10-05T09:39:24.559Z  INFO 1 --- [main] com.structurizr.server.Local             : ***********************************************************************************
2026-10-05T09:39:40.414Z  INFO 1 --- [SpringApplicationShutdownHook] com.structurizr.server.AbstractServer    : ********************************************************
2026-10-05T09:39:40.415Z  INFO 1 --- [SpringApplicationShutdownHook] com.structurizr.server.AbstractServer    :  Stopping Structurizr
2026-10-05T09:39:40.415Z  INFO 1 --- [SpringApplicationShutdownHook] com.structurizr.server.AbstractServer    : ********************************************************
2026-10-05T09:43:40.539Z  INFO 1 --- [main] com.structurizr.server.Local             : ***********************************************************************************
2026-10-05T09:43:40.543Z  INFO 1 --- [main] com.structurizr.server.Local             :   _____ _                   _              _          
2026-10-05T09:43:40.544Z  INFO 1 --- [main] com.structurizr.server.Local             :  / ____| |                 | |            (_)         
2026-10-05T09:43:40.545Z  INFO 1 --- [main] com.structurizr.server.Local             : | (___ | |_ _ __ _   _  ___| |_ _   _ _ __ _ _____ __ 
2026-10-05T09:43:40.545Z  INFO 1 --- [main] com.structurizr.server.Local             :  \___ \| __| '__| | | |/ __| __| | | | '__| |_  / '__|
2026-10-05T09:43:40.545Z  INFO 1 --- [main] com.structurizr.server.Local             :  ____) | |_| |  | |_| | (__| |_| |_| | |  | |/ /| |   
2026-10-05T09:43:40.546Z  INFO 1 --- [main] com.structurizr.server.Local             : |_____/ \__|_|   \__,_|\___|\__|\__,_|_|  |_/___|_|   
2026-10-05T09:43:40.546Z  INFO 1 --- [main] com.structurizr.server.Local             :                                                       
2026-10-05T09:43:40.547Z  INFO 1 --- [main] com.structurizr.server.Local             : Local v2026.09.19
2026-10-05T09:43:40.547Z  INFO 1 --- [main] com.structurizr.server.Local             : ***********************************************************************************
2026-10-05T09:43:40.548Z  INFO 1 --- [main] com.structurizr.server.Local             :  - structurizr.authentication: none
2026-10-05T09:43:40.549Z  INFO 1 --- [main] com.structurizr.server.Local             :  - structurizr.autorefreshinterval: 0
2026-10-05T09:43:40.549Z  INFO 1 --- [main] com.structurizr.server.Local             :  - structurizr.autosaveinterval: 5000
2026-10-05T09:43:40.549Z  INFO 1 --- [main] com.structurizr.server.Local             :  - structurizr.cache: none
2026-10-05T09:43:40.550Z  INFO 1 --- [main] com.structurizr.server.Local             :  - structurizr.data: file
2026-10-05T09:43:40.550Z  INFO 1 --- [main] com.structurizr.server.Local             :  - structurizr.datadirectory: /usr/local/structurizr
2026-10-05T09:43:40.550Z  INFO 1 --- [main] com.structurizr.server.Local             :  - structurizr.debug: false
2026-10-05T09:43:40.551Z  INFO 1 --- [main] com.structurizr.server.Local             :  - structurizr.editable: true
2026-10-05T09:43:40.551Z  INFO 1 --- [main] com.structurizr.server.Local             :  - structurizr.logging.filename: /usr/local/structurizr/.structurizr/logs/structurizr.log
2026-10-05T09:43:40.551Z  INFO 1 --- [main] com.structurizr.server.Local             :  - structurizr.network.timeout: 60000
2026-10-05T09:43:40.552Z  INFO 1 --- [main] com.structurizr.server.Local             :  - structurizr.network.urls.allowed: .*
2026-10-05T09:43:40.552Z  INFO 1 --- [main] com.structurizr.server.Local             :  - structurizr.search: lucene
2026-10-05T09:43:40.552Z  INFO 1 --- [main] com.structurizr.server.Local             :  - structurizr.themes: /usr/local/structurizr/themes/
2026-10-05T09:43:40.552Z  INFO 1 --- [main] com.structurizr.server.Local             :  - structurizr.workspace.maxsize: 1MB
2026-10-05T09:43:40.553Z  INFO 1 --- [main] com.structurizr.server.Local             :  - structurizr.workspace.threads: 10
2026-10-05T09:43:40.553Z  INFO 1 --- [main] com.structurizr.server.Local             :  - structurizr.workspaces: 1
2026-10-05T09:43:40.553Z  INFO 1 --- [main] com.structurizr.server.Local             : ***********************************************************************************
2026-10-05T09:43:40.553Z  INFO 1 --- [main] com.structurizr.server.Local             : Themes:
2026-10-05T09:43:40.554Z  INFO 1 --- [main] com.structurizr.server.Local             : ***********************************************************************************
2026-10-05T10:34:01.494Z  INFO 1 --- [SpringApplicationShutdownHook] com.structurizr.server.AbstractServer    : ********************************************************
2026-10-05T10:34:01.496Z  INFO 1 --- [SpringApplicationShutdownHook] com.structurizr.server.AbstractServer    :  Stopping Structurizr
2026-10-05T10:34:01.496Z  INFO 1 --- [SpringApplicationShutdownHook] com.structurizr.server.AbstractServer    : ********************************************************
2026-10-05T11:26:37.263Z  INFO 1 --- [main] com.structurizr.server.Local             : ***********************************************************************************
2026-10-05T11:26:37.265Z  INFO 1 --- [main] com.structurizr.server.Local             :   _____ _                   _              _          
2026-10-05T11:26:37.266Z  INFO 1 --- [main] com.structurizr.server.Local             :  / ____| |                 | |            (_)         
2026-10-05T11:26:37.266Z  INFO 1 --- [main] com.structurizr.server.Local             : | (___ | |_ _ __ _   _  ___| |_ _   _ _ __ _ _____ __ 
2026-10-05T11:26:37.266Z  INFO 1 --- [main] com.structurizr.server.Local             :  \___ \| __| '__| | | |/ __| __| | | | '__| |_  / '__|
2026-10-05T11:26:37.266Z  INFO 1 --- [main] com.structurizr.server.Local             :  ____) | |_| |  | |_| | (__| |_| |_| | |  | |/ /| |   
2026-10-05T11:26:37.267Z  INFO 1 --- [main] com.structurizr.server.Local             : |_____/ \__|_|   \__,_|\___|\__|\__,_|_|  |_/___|_|   
2026-10-05T11:26:37.267Z  INFO 1 --- [main] com.structurizr.server.Local             :                                                       
2026-10-05T11:26:37.268Z  INFO 1 --- [main] com.structurizr.server.Local             : Local v2026.09.19
2026-10-05T11:26:37.268Z  INFO 1 --- [main] com.structurizr.server.Local             : ***********************************************************************************
2026-10-05T11:26:37.268Z  INFO 1 --- [main] com.structurizr.server.Local             :  - structurizr.authentication: none
2026-10-05T11:26:37.269Z  INFO 1 --- [main] com.structurizr.server.Local             :  - structurizr.autorefreshinterval: 0
2026-10-05T11:26:37.269Z  INFO 1 --- [main] com.structurizr.server.Local             :  - structurizr.autosaveinterval: 5000
2026-10-05T11:26:37.270Z  INFO 1 --- [main] com.structurizr.server.Local             :  - structurizr.cache: none
2026-10-05T11:26:37.270Z  INFO 1 --- [main] com.structurizr.server.Local             :  - structurizr.data: file
2026-10-05T11:26:37.270Z  INFO 1 --- [main] com.structurizr.server.Local             :  - structurizr.datadirectory: /usr/local/structurizr
2026-10-05T11:26:37.270Z  INFO 1 --- [main] com.structurizr.server.Local             :  - structurizr.debug: false
2026-10-05T11:26:37.271Z  INFO 1 --- [main] com.structurizr.server.Local             :  - structurizr.editable: true
2026-10-05T11:26:37.271Z  INFO 1 --- [main] com.structurizr.server.Local             :  - structurizr.logging.filename: /usr/local/structurizr/.structurizr/logs/structurizr.log
2026-10-05T11:26:37.271Z  INFO 1 --- [main] com.structurizr.server.Local             :  - structurizr.network.timeout: 60000
2026-10-05T11:26:37.271Z  INFO 1 --- [main] com.structurizr.server.Local             :  - structurizr.network.urls.allowed: .*
2026-10-05T11:26:37.272Z  INFO 1 --- [main] com.structurizr.server.Local             :  - structurizr.search: lucene
2026-10-05T11:26:37.272Z  INFO 1 --- [main] com.structurizr.server.Local             :  - structurizr.themes: /usr/local/structurizr/themes/
2026-10-05T11:26:37.272Z  INFO 1 --- [main] com.structurizr.server.Local             :  - structurizr.workspace.maxsize: 1MB
2026-10-05T11:26:37.272Z  INFO 1 --- [main] com.structurizr.server.Local             :  - structurizr.workspace.threads: 10
2026-10-05T11:26:37.273Z  INFO 1 --- [main] com.structurizr.server.Local             :  - structurizr.workspaces: 1
2026-10-05T11:26:37.273Z  INFO 1 --- [main] com.structurizr.server.Local             : ***********************************************************************************
2026-10-05T11:26:37.273Z  INFO 1 --- [main] com.structurizr.server.Local             : Themes:
2026-10-05T11:26:37.273Z  INFO 1 --- [main] com.structurizr.server.Local             : ***********************************************************************************
